Created the tree successfully using /Users/mahesh/git/multi-model-server/tests/performance/tests/modified_upscale_workers.jmx
Starting standalone test @ Thu Jun 18 22:22:06 IST 2020 (1592499126765)
Waiting for possible Shutdown/StopTestNow/HeapDump/ThreadDump message on port 4445
Tidying up ...    @ Thu Jun 18 22:23:12 IST 2020 (1592499192801)
... end of run
