Created the tree successfully using /Users/mahesh/git/multi-model-server/tests/performance/tests/common/modified_teardown.jmx
Starting standalone test @ Thu Jun 18 22:03:09 IST 2020 (1592497989081)
Waiting for possible Shutdown/StopTestNow/HeapDump/ThreadDump message on port 4445
Tidying up ...    @ Thu Jun 18 22:03:09 IST 2020 (1592497989719)
... end of run
