Created the tree successfully using /Users/mahesh/git/multi-model-server/tests/performance/tests/modified_register_and_inference.jmx
Starting standalone test @ Thu Jun 18 22:24:31 IST 2020 (1592499271411)
Waiting for possible Shutdown/StopTestNow/HeapDump/ThreadDump message on port 4445
Command: Shutdown received from /127.0.0.1
Tidying up ...    @ Thu Jun 18 22:24:57 IST 2020 (1592499297265)
... end of run
