Created the tree successfully using /Users/mahesh/git/multi-model-server/tests/performance/tests/modified_register_and_inference.jmx
Starting standalone test @ Thu Jun 18 22:25:03 IST 2020 (1592499303733)
Waiting for possible Shutdown/StopTestNow/HeapDump/ThreadDump message on port 4445
Tidying up ...    @ Thu Jun 18 22:26:10 IST 2020 (1592499370853)
... end of run
