I am running
I am running
I am running
I am running
I am running
I am running
I am running
I am running
I am running
I am running
I am running
I am running
I am running
I am running
I am running
I am running
I am running
I am running
I am running
I am running
I am running
I am running
I am running
I am running
I am running
I am running
I am running
I am running
I am running
I am running
I am running
I am running
I am running
I am running
I am running
I am running
I am running
I am running
I am running
I am running
I am running
I am running
I am running
I am running
I am running
I am running
I am running
I am running
I am running
I am running
I am running
I am running
I am running
I am running
I am running
I am running
I am running
I am running
I am running
I am running
I am running
I am running
I am running
I am running
I am running
I am running
I am running
I am running
I am running
I am running
I am running
I am running
I am running
I am running
I am running
I am running
I am running
I am running
I am running
I am running
I am running
I am running
I am running
I am running
I am running
I am running
I am running
I am running
I am running
I am running
I am running
I am running
I am running
I am running
I am running
I am running
I am running
I am running
I am running
I am running
I am running
I am running
I am running
I am running
I am running
I am running
I am running
I am running
I am running
I am running
I am running
I am running
I am running
I am running
I am running
I am running
I am running
I am running
I am running
I am running
I am running
I am running
I am running
I am running
I am running
I am running
I am running
I am running
I am running
I am running
I am running
I am running
I am running
I am running
I am running
I am running
I am running
I am running
I am running
I am running
I am running
I am running
I am running
I am running
I am running
I am running
I am running
I am running
I am running
I am running
I am running
I am running
I am running
I am running
I am running
I am running
I am running
I am running
I am running
I am running
I am running
I am running
I am running
I am running
I am running
I am running
I am running
I am running
I am running
I am running
I am running
I am running
I am running
I am running
I am running
I am running
I am running
I am running
I am running
I am running
I am running
I am running
I am running
I am running
I am running
I am running
I am running
I am running
I am running
I am running
I am running
I am running
I am running
I am running
I am running
I am running
I am running
I am running
I am running
I am running
I am running
I am running
I am running
I am running
I am running
I am running
I am running
I am running
I am running
I am running
I am running
I am running
I am running
I am running
I am running
I am running
I am running
I am running
I am running
I am running
I am running
I am running
I am running
I am running
I am running
I am running
I am running
I am running
I am running
I am running
I am running
I am running
I am running
I am running
I am running
I am running
I am running
I am running
I am running
I am running
I am running
I am running
I am running
I am running
I am running
I am running
I am running
I am running
I am running
I am running
I am running
I am running
I am running
I am running
I am running
I am running
I am running
I am running
I am running
I am running
I am running
I am running
I am running
I am running
I am running
I am running
I am running
I am running
I am running
I am running
I am running
I am running
I am running
I am running
I am running
I am running
I am running
I am running
I am running
I am running
I am running
I am running
I am running
I am running
I am running
I am running
I am running
I am running
I am running
I am running
I am running
I am running
I am running
I am running
I am running
I am running
I am running
I am running
I am running
I am running
I am running
I am running
I am running
I am running
I am running
I am running
I am running
I am running
I am running
I am running
I am running
I am running
I am running
I am running
I am running
I