Created the tree successfully using /Users/mahesh/git/multi-model-server/tests/performance/tests/modified_downscale_workers.jmx
Starting standalone test @ Thu Jun 18 22:21:52 IST 2020 (1592499112975)
Waiting for possible Shutdown/StopTestNow/HeapDump/ThreadDump message on port 4445
Tidying up ...    @ Thu Jun 18 22:21:53 IST 2020 (1592499113595)
... end of run
