Created the tree successfully using /Users/mahesh/git/multi-model-server/tests/performance/tests/modified_register_and_inference.jmx
Starting standalone test @ Thu Jun 18 22:19:44 IST 2020 (1592498984948)
Waiting for possible Shutdown/StopTestNow/HeapDump/ThreadDump message on port 4445
Tidying up ...    @ Thu Jun 18 22:20:55 IST 2020 (1592499055493)
... end of run
